// Jest Snapshot v1, https://goo.gl/fbAQLP

exports[`import-order should generate correct bundles on dev mode 1`] = `
"'use strict';

function _interopDefault (ex) { return (ex && (typeof ex === 'object') && 'default' in ex) ? ex['default'] : ex; }

var debug = _interopDefault(require('debug'));

process.env.NODE_ENV = 'development';

debug();
"
`;

exports[`import-order should generate correct bundles on prod mode 1`] = `
"\\"use strict\\";var e,t=(e=require(\\"debug\\"))&&\\"object\\"==typeof e&&\\"default\\"in e?e.default:e;process.env.NODE_ENV=\\"development\\",t();
"
`;
